
> citadel-server@0.1.0 dev
> nodemon src/server.js

[33m[nodemon] 3.1.14[39m
[33m[nodemon] to restart at any time, enter `rs`[39m
[33m[nodemon] watching path(s): *.*[39m
[33m[nodemon] watching extensions: js,mjs,cjs,json[39m
[32m[nodemon] starting `node src/server.js`[39m
Database connection OK
node:events:497
      throw er; // Unhandled 'error' event
      ^

Error: listen EADDRINUSE: address already in use :::4000
    at Server.setupListenHandle [as _listen2] (node:net:1941:16)
    at listenInCluster (node:net:1998:12)
    at Server.listen (node:net:2103:7)
    at Function.listen (/Users/ayush/Desktop/citadel/server/node_modules/express/lib/application.js:635:24)
    at start (file:///Users/ayush/Desktop/citadel/server/src/server.js:34:7)
    at process.processTicksAndRejections (node:internal/process/task_queues:103:5)
Emitted 'error' event on Server instance at:
    at emitErrorNT (node:net:1977:8)
    at process.processTicksAndRejections (node:internal/process/task_queues:89:21) {
  code: 'EADDRINUSE',
  errno: -48,
  syscall: 'listen',
  address: '::',
  port: 4000
}

Node.js v22.23.2
[31m[nodemon] app crashed - waiting for file changes before starting...[39m
[32m[nodemon] restarting due to changes...[39m
[32m[nodemon] starting `node src/server.js`[39m
Database connection OK
node:events:497
      throw er; // Unhandled 'error' event
      ^

Error: listen EADDRINUSE: address already in use :::4000
    at Server.setupListenHandle [as _listen2] (node:net:1941:16)
    at listenInCluster (node:net:1998:12)
    at Server.listen (node:net:2103:7)
    at Function.listen (/Users/ayush/Desktop/citadel/server/node_modules/express/lib/application.js:635:24)
    at start (file:///Users/ayush/Desktop/citadel/server/src/server.js:34:7)
    at process.processTicksAndRejections (node:internal/process/task_queues:103:5)
Emitted 'error' event on Server instance at:
    at emitErrorNT (node:net:1977:8)
    at process.processTicksAndRejections (node:internal/process/task_queues:89:21) {
  code: 'EADDRINUSE',
  errno: -48,
  syscall: 'listen',
  address: '::',
  port: 4000
}

Node.js v22.23.2
[31m[nodemon] app crashed - waiting for file changes before starting...[39m
